
=== Tue Apr  6 18:55:56 2021

Packages were changed.
Update Mode: updateDependencies

The following packages were updated:
  com.unity.collab-proxy from version 1.2.16 to 1.3.9
  com.unity.ext.nunit from version 1.0.0 to 1.0.6
  com.unity.ide.rider from version 1.1.4 to 2.0.7
  com.unity.ide.visualstudio from version 1.0.11 to 2.0.7
  com.unity.test-framework from version 1.1.22 to 1.1.24
  com.unity.textmeshpro from version 2.1.1 to 3.0.1
  com.unity.timeline from version 1.2.18 to 1.4.6

=== Wed Dec 13 20:49:41 2023

Packages were changed.
Update Mode: updateDependencies

The following packages were updated:
  com.unity.collab-proxy from version 1.3.9 to 2.0.4
  com.unity.ide.rider from version 2.0.7 to 3.0.21
  com.unity.ide.visualstudio from version 2.0.7 to 2.0.18
  com.unity.ide.vscode from version 1.2.3 to 1.2.5
  com.unity.postprocessing from version 2.3.0 to 3.2.2
  com.unity.test-framework from version 1.1.24 to 1.1.31
  com.unity.textmeshpro from version 3.0.1 to 3.0.6
  com.unity.timeline from version 1.4.6 to 1.6.5

=== Mon Aug 17 17:13:35 2026

Packages were changed.
Update Mode: updateDependencies

The following packages were added:
  com.unity.ai.navigation@2.0.13
  com.unity.modules.accessibility@1.0.0
  com.unity.multiplayer.center@1.0.0
The following packages were updated:
  com.unity.collab-proxy from version 2.0.4 to 2.12.4
  com.unity.ext.nunit from version 1.0.6 to 2.0.5
  com.unity.ide.rider from version 3.0.21 to 3.0.39
  com.unity.ide.visualstudio from version 2.0.18 to 2.0.27
  com.unity.postprocessing from version 3.2.2 to 3.5.4
  com.unity.test-framework from version 1.1.31 to 1.6.0
  com.unity.timeline from version 1.6.5 to 1.8.12
  com.unity.ugui from version 1.0.0 to 2.0.0
The following packages were removed:
  com.unity.textmeshpro@3.0.6
